mode: set
github.com/joelanford/library-olm/catalog/fbc/internal/db.go:12.40,14.16 2 1
github.com/joelanford/library-olm/catalog/fbc/internal/db.go:14.16,16.3 1 0
github.com/joelanford/library-olm/catalog/fbc/internal/db.go:18.2,20.16 3 1
github.com/joelanford/library-olm/catalog/fbc/internal/db.go:20.16,23.3 2 0
github.com/joelanford/library-olm/catalog/fbc/internal/db.go:25.2,31.17 2 1
github.com/joelanford/library-olm/catalog/fbc/internal/db.go:31.17,35.3 3 0
github.com/joelanford/library-olm/catalog/fbc/internal/db.go:37.2,37.41 1 1
github.com/joelanford/library-olm/catalog/fbc/internal/db.go:37.41,41.3 3 0
github.com/joelanford/library-olm/catalog/fbc/internal/db.go:43.2,43.24 1 1
github.com/joelanford/library-olm/catalog/fbc/internal/db.go:46.47,49.18 3 1
github.com/joelanford/library-olm/catalog/fbc/internal/db.go:49.18,51.3 1 0
github.com/joelanford/library-olm/catalog/fbc/internal/db.go:52.2,52.14 1 1
github.com/joelanford/library-olm/catalog/fbc/internal/db.go:55.37,58.2 2 1
github.com/joelanford/library-olm/catalog/fbc/internal/handler.go:26.44,28.2 1 0
github.com/joelanford/library-olm/catalog/fbc/internal/handler.go:30.60,32.2 1 0
github.com/joelanford/library-olm/catalog/fbc/internal/handler.go:34.76,36.9 2 0
github.com/joelanford/library-olm/catalog/fbc/internal/handler.go:36.9,38.3 1 0
github.com/joelanford/library-olm/catalog/fbc/internal/handler.go:39.2,39.15 1 0
github.com/joelanford/library-olm/catalog/fbc/internal/handler_olm_package.go:16.45,16.77 1 0
github.com/joelanford/library-olm/catalog/fbc/internal/handler_olm_package.go:18.98,19.52 1 0
github.com/joelanford/library-olm/catalog/fbc/internal/handler_olm_package.go:19.52,21.3 1 0
github.com/joelanford/library-olm/catalog/fbc/internal/handler_olm_package.go:23.2,24.16 2 0
github.com/joelanford/library-olm/catalog/fbc/internal/handler_olm_package.go:24.16,26.3 1 0
github.com/joelanford/library-olm/catalog/fbc/internal/handler_olm_package.go:28.2,28.57 1 0
github.com/joelanford/library-olm/catalog/fbc/internal/handler_olm_package.go:28.57,30.3 1 0
github.com/joelanford/library-olm/catalog/fbc/internal/handler_olm_package.go:32.2,32.85 1 0
github.com/joelanford/library-olm/catalog/fbc/internal/handler_olm_package.go:32.85,34.3 1 0
github.com/joelanford/library-olm/catalog/fbc/internal/handler_olm_package.go:36.2,36.73 1 0
github.com/joelanford/library-olm/catalog/fbc/internal/handler_olm_package.go:36.73,38.3 1 0
github.com/joelanford/library-olm/catalog/fbc/internal/handler_olm_package.go:40.2,40.12 1 0
github.com/joelanford/library-olm/catalog/fbc/internal/handler_olm_package.go:43.76,52.16 2 0
github.com/joelanford/library-olm/catalog/fbc/internal/handler_olm_package.go:52.16,54.3 1 0
github.com/joelanford/library-olm/catalog/fbc/internal/handler_olm_package.go:55.2,55.15 1 0
github.com/joelanford/library-olm/catalog/fbc/internal/handler_olm_package.go:55.15,55.35 1 0
github.com/joelanford/library-olm/catalog/fbc/internal/handler_olm_package.go:57.2,58.18 2 0
github.com/joelanford/library-olm/catalog/fbc/internal/handler_olm_package.go:58.18,60.52 2 0
github.com/joelanford/library-olm/catalog/fbc/internal/handler_olm_package.go:60.52,62.4 1 0
github.com/joelanford/library-olm/catalog/fbc/internal/handler_olm_package.go:63.3,63.79 1 0
github.com/joelanford/library-olm/catalog/fbc/internal/handler_olm_package.go:65.2,65.35 1 0
github.com/joelanford/library-olm/catalog/fbc/internal/handler_olm_package.go:65.35,67.3 1 0
github.com/joelanford/library-olm/catalog/fbc/internal/handler_olm_package.go:68.2,68.22 1 0
github.com/joelanford/library-olm/catalog/fbc/internal/handler_olm_package.go:68.22,70.3 1 0
github.com/joelanford/library-olm/catalog/fbc/internal/handler_olm_package.go:71.2,71.12 1 0
github.com/joelanford/library-olm/catalog/fbc/internal/handler_olm_package.go:74.95,76.16 2 0
github.com/joelanford/library-olm/catalog/fbc/internal/handler_olm_package.go:76.16,78.3 1 0
github.com/joelanford/library-olm/catalog/fbc/internal/handler_olm_package.go:79.2,79.27 1 0
github.com/joelanford/library-olm/catalog/fbc/internal/handler_olm_package.go:82.81,84.16 2 0
github.com/joelanford/library-olm/catalog/fbc/internal/handler_olm_package.go:84.16,86.3 1 0
github.com/joelanford/library-olm/catalog/fbc/internal/handler_olm_package.go:87.2,87.15 1 0
github.com/joelanford/library-olm/catalog/fbc/internal/handler_olm_package.go:87.15,87.35 1 0
github.com/joelanford/library-olm/catalog/fbc/internal/handler_olm_package.go:89.2,89.18 1 0
github.com/joelanford/library-olm/catalog/fbc/internal/handler_olm_package.go:89.18,91.68 2 0
github.com/joelanford/library-olm/catalog/fbc/internal/handler_olm_package.go:91.68,93.4 1 0
github.com/joelanford/library-olm/catalog/fbc/internal/handler_olm_package.go:94.3,94.53 1 0
github.com/joelanford/library-olm/catalog/fbc/internal/handler_olm_package.go:94.53,96.4 1 0
github.com/joelanford/library-olm/catalog/fbc/internal/handler_olm_package.go:97.3,97.23 1 0
github.com/joelanford/library-olm/catalog/fbc/internal/handler_olm_package.go:97.23,98.63 1 0
github.com/joelanford/library-olm/catalog/fbc/internal/handler_olm_package.go:98.63,100.5 1 0
github.com/joelanford/library-olm/catalog/fbc/internal/handler_olm_package.go:102.3,105.17 1 0
github.com/joelanford/library-olm/catalog/fbc/internal/handler_olm_package.go:105.17,107.4 1 0
github.com/joelanford/library-olm/catalog/fbc/internal/handler_olm_package.go:109.2,109.19 1 0
github.com/joelanford/library-olm/catalog/fbc/internal/handler_olm_package.go:112.115,114.16 2 0
github.com/joelanford/library-olm/catalog/fbc/internal/handler_olm_package.go:114.16,116.3 1 0
github.com/joelanford/library-olm/catalog/fbc/internal/handler_olm_package.go:117.2,117.15 1 0
github.com/joelanford/library-olm/catalog/fbc/internal/handler_olm_package.go:117.15,117.37 1 0
github.com/joelanford/library-olm/catalog/fbc/internal/handler_olm_package.go:119.2,120.20 2 0
github.com/joelanford/library-olm/catalog/fbc/internal/handler_olm_package.go:120.20,122.44 2 0
github.com/joelanford/library-olm/catalog/fbc/internal/handler_olm_package.go:122.44,124.4 1 0
github.com/joelanford/library-olm/catalog/fbc/internal/handler_olm_package.go:125.3,125.36 1 0
github.com/joelanford/library-olm/catalog/fbc/internal/handler_olm_package.go:127.2,127.37 1 0
github.com/joelanford/library-olm/catalog/fbc/internal/handler_olm_package.go:127.37,129.3 1 0
github.com/joelanford/library-olm/catalog/fbc/internal/handler_olm_package.go:131.2,131.34 1 0
github.com/joelanford/library-olm/catalog/fbc/internal/handler_olm_package.go:131.34,133.17 2 0
github.com/joelanford/library-olm/catalog/fbc/internal/handler_olm_package.go:133.17,135.4 1 0
github.com/joelanford/library-olm/catalog/fbc/internal/handler_olm_package.go:136.3,137.17 2 0
github.com/joelanford/library-olm/catalog/fbc/internal/handler_olm_package.go:137.17,139.4 1 0
github.com/joelanford/library-olm/catalog/fbc/internal/handler_olm_package.go:141.3,146.48 1 0
github.com/joelanford/library-olm/catalog/fbc/internal/handler_olm_package.go:146.48,148.4 1 0
github.com/joelanford/library-olm/catalog/fbc/internal/handler_olm_package.go:150.2,150.12 1 0
github.com/joelanford/library-olm/catalog/fbc/internal/handler_olm_package.go:153.103,155.16 2 0
github.com/joelanford/library-olm/catalog/fbc/internal/handler_olm_package.go:155.16,157.3 1 0
github.com/joelanford/library-olm/catalog/fbc/internal/handler_olm_package.go:158.2,158.15 1 0
github.com/joelanford/library-olm/catalog/fbc/internal/handler_olm_package.go:158.15,158.37 1 0
github.com/joelanford/library-olm/catalog/fbc/internal/handler_olm_package.go:160.2,165.20 3 0
github.com/joelanford/library-olm/catalog/fbc/internal/handler_olm_package.go:165.20,167.55 2 0
github.com/joelanford/library-olm/catalog/fbc/internal/handler_olm_package.go:167.55,169.4 1 0
github.com/joelanford/library-olm/catalog/fbc/internal/handler_olm_package.go:170.3,170.34 1 0
github.com/joelanford/library-olm/catalog/fbc/internal/handler_olm_package.go:172.2,172.37 1 0
github.com/joelanford/library-olm/catalog/fbc/internal/handler_olm_package.go:172.37,174.3 1 0
github.com/joelanford/library-olm/catalog/fbc/internal/handler_olm_package.go:176.2,176.30 1 0
github.com/joelanford/library-olm/catalog/fbc/internal/handler_olm_package.go:176.30,177.85 1 0
github.com/joelanford/library-olm/catalog/fbc/internal/handler_olm_package.go:177.85,179.4 1 0
github.com/joelanford/library-olm/catalog/fbc/internal/handler_olm_package.go:181.2,181.12 1 0
github.com/joelanford/library-olm/catalog/fbc/internal/handler_olm_package.go:184.124,189.16 2 0
github.com/joelanford/library-olm/catalog/fbc/internal/handler_olm_package.go:189.16,191.3 1 0
github.com/joelanford/library-olm/catalog/fbc/internal/handler_olm_package.go:192.2,192.15 1 0
github.com/joelanford/library-olm/catalog/fbc/internal/handler_olm_package.go:192.15,192.40 1 0
github.com/joelanford/library-olm/catalog/fbc/internal/handler_olm_package.go:194.2,201.23 3 0
github.com/joelanford/library-olm/catalog/fbc/internal/handler_olm_package.go:201.23,204.85 3 0
github.com/joelanford/library-olm/catalog/fbc/internal/handler_olm_package.go:204.85,206.4 1 0
github.com/joelanford/library-olm/catalog/fbc/internal/handler_olm_package.go:207.3,207.21 1 0
github.com/joelanford/library-olm/catalog/fbc/internal/handler_olm_package.go:207.21,209.4 1 0
github.com/joelanford/library-olm/catalog/fbc/internal/handler_olm_package.go:210.3,211.31 2 0
github.com/joelanford/library-olm/catalog/fbc/internal/handler_olm_package.go:213.2,213.40 1 0
github.com/joelanford/library-olm/catalog/fbc/internal/handler_olm_package.go:213.40,215.3 1 0
github.com/joelanford/library-olm/catalog/fbc/internal/handler_olm_package.go:217.2,217.28 1 0
github.com/joelanford/library-olm/catalog/fbc/internal/handler_olm_package.go:217.28,219.23 1 0
github.com/joelanford/library-olm/catalog/fbc/internal/handler_olm_package.go:219.23,220.64 1 0
github.com/joelanford/library-olm/catalog/fbc/internal/handler_olm_package.go:220.64,222.5 1 0
github.com/joelanford/library-olm/catalog/fbc/internal/handler_olm_package.go:223.4,223.79 1 0
github.com/joelanford/library-olm/catalog/fbc/internal/handler_olm_package.go:223.79,225.5 1 0
github.com/joelanford/library-olm/catalog/fbc/internal/handler_olm_package.go:229.3,229.32 1 0
github.com/joelanford/library-olm/catalog/fbc/internal/handler_olm_package.go:229.32,230.58 1 0
github.com/joelanford/library-olm/catalog/fbc/internal/handler_olm_package.go:230.58,232.5 1 0
github.com/joelanford/library-olm/catalog/fbc/internal/handler_olm_package.go:233.4,233.73 1 0
github.com/joelanford/library-olm/catalog/fbc/internal/handler_olm_package.go:233.73,235.5 1 0
github.com/joelanford/library-olm/catalog/fbc/internal/handler_olm_package.go:239.3,239.24 1 0
github.com/joelanford/library-olm/catalog/fbc/internal/handler_olm_package.go:239.24,240.91 1 0
github.com/joelanford/library-olm/catalog/fbc/internal/handler_olm_package.go:240.91,242.5 1 0
github.com/joelanford/library-olm/catalog/fbc/internal/handler_olm_package.go:245.2,245.12 1 0
github.com/joelanford/library-olm/catalog/fbc/internal/handler_olm_package.go:248.86,251.2 2 0
github.com/joelanford/library-olm/catalog/fbc/internal/handler_olm_package.go:253.131,255.16 2 0
github.com/joelanford/library-olm/catalog/fbc/internal/handler_olm_package.go:255.16,257.3 1 0
github.com/joelanford/library-olm/catalog/fbc/internal/handler_olm_package.go:259.2,264.16 2 0
github.com/joelanford/library-olm/catalog/fbc/internal/handler_olm_package.go:264.16,266.3 1 0
github.com/joelanford/library-olm/catalog/fbc/internal/handler_olm_package.go:267.2,267.15 1 0
github.com/joelanford/library-olm/catalog/fbc/internal/handler_olm_package.go:267.15,267.35 1 0
github.com/joelanford/library-olm/catalog/fbc/internal/handler_olm_package.go:269.2,269.18 1 0
github.com/joelanford/library-olm/catalog/fbc/internal/handler_olm_package.go:269.18,271.55 2 0
github.com/joelanford/library-olm/catalog/fbc/internal/handler_olm_package.go:271.55,273.4 1 0
github.com/joelanford/library-olm/catalog/fbc/internal/handler_olm_package.go:274.3,275.17 2 0
github.com/joelanford/library-olm/catalog/fbc/internal/handler_olm_package.go:275.17,276.12 1 0
github.com/joelanford/library-olm/catalog/fbc/internal/handler_olm_package.go:278.3,278.15 1 0
github.com/joelanford/library-olm/catalog/fbc/internal/handler_olm_package.go:278.15,279.77 1 0
github.com/joelanford/library-olm/catalog/fbc/internal/handler_olm_package.go:279.77,281.5 1 0
github.com/joelanford/library-olm/catalog/fbc/internal/handler_olm_package.go:284.2,284.19 1 0
github.com/joelanford/library-olm/catalog/fbc/internal/handler_olm_package.go:287.111,292.2 2 0
github.com/joelanford/library-olm/catalog/fbc/internal/ingest.go:22.64,26.12 3 0
github.com/joelanford/library-olm/catalog/fbc/internal/ingest.go:26.12,28.3 1 0
github.com/joelanford/library-olm/catalog/fbc/internal/ingest.go:30.2,30.96 1 0
github.com/joelanford/library-olm/catalog/fbc/internal/ingest.go:30.96,31.17 1 0
github.com/joelanford/library-olm/catalog/fbc/internal/ingest.go:31.17,33.4 1 0
github.com/joelanford/library-olm/catalog/fbc/internal/ingest.go:34.3,35.17 2 0
github.com/joelanford/library-olm/catalog/fbc/internal/ingest.go:35.17,37.4 1 0
github.com/joelanford/library-olm/catalog/fbc/internal/ingest.go:38.3,38.20 1 0
github.com/joelanford/library-olm/catalog/fbc/internal/ingest.go:38.20,40.4 1 0
github.com/joelanford/library-olm/catalog/fbc/internal/ingest.go:41.3,41.10 1 0
github.com/joelanford/library-olm/catalog/fbc/internal/ingest.go:42.39,43.14 1 0
github.com/joelanford/library-olm/catalog/fbc/internal/ingest.go:44.21,45.20 1 0
github.com/joelanford/library-olm/catalog/fbc/internal/ingest.go:49.2,52.20 3 0
github.com/joelanford/library-olm/catalog/fbc/internal/ingest.go:52.20,54.3 1 0
github.com/joelanford/library-olm/catalog/fbc/internal/ingest.go:55.2,55.18 1 0
github.com/joelanford/library-olm/catalog/fbc/internal/ingest.go:58.71,59.21 1 0
github.com/joelanford/library-olm/catalog/fbc/internal/ingest.go:60.29,62.55 2 0
github.com/joelanford/library-olm/catalog/fbc/internal/ingest.go:62.55,64.4 1 0
github.com/joelanford/library-olm/catalog/fbc/internal/ingest.go:65.3,65.33 1 0
github.com/joelanford/library-olm/catalog/fbc/internal/ingest.go:65.33,68.4 2 0
github.com/joelanford/library-olm/catalog/fbc/internal/ingest.go:70.29,72.56 2 0
github.com/joelanford/library-olm/catalog/fbc/internal/ingest.go:72.56,74.4 1 0
github.com/joelanford/library-olm/catalog/fbc/internal/ingest.go:75.3,75.33 1 0
github.com/joelanford/library-olm/catalog/fbc/internal/ingest.go:75.33,77.38 1 0
github.com/joelanford/library-olm/catalog/fbc/internal/ingest.go:77.38,79.5 1 0
github.com/joelanford/library-olm/catalog/fbc/internal/ingest.go:80.4,80.37 1 0
github.com/joelanford/library-olm/catalog/fbc/internal/ingest.go:80.37,85.19 2 0
github.com/joelanford/library-olm/catalog/fbc/internal/ingest.go:85.19,87.6 1 0
github.com/joelanford/library-olm/catalog/fbc/internal/ingest.go:89.4,89.14 1 0
github.com/joelanford/library-olm/catalog/fbc/internal/ingest.go:92.28,94.55 2 0
github.com/joelanford/library-olm/catalog/fbc/internal/ingest.go:94.55,96.4 1 0
github.com/joelanford/library-olm/catalog/fbc/internal/ingest.go:97.3,98.17 2 0
github.com/joelanford/library-olm/catalog/fbc/internal/ingest.go:98.17,100.4 1 0
github.com/joelanford/library-olm/catalog/fbc/internal/ingest.go:101.3,101.33 1 0
github.com/joelanford/library-olm/catalog/fbc/internal/ingest.go:101.33,105.4 2 0
github.com/joelanford/library-olm/catalog/fbc/internal/ingest.go:107.10,108.18 1 0
github.com/joelanford/library-olm/catalog/fbc/internal/ingest.go:112.76,113.36 1 0
github.com/joelanford/library-olm/catalog/fbc/internal/ingest.go:113.36,114.40 1 0
github.com/joelanford/library-olm/catalog/fbc/internal/ingest.go:114.40,115.12 1 0
github.com/joelanford/library-olm/catalog/fbc/internal/ingest.go:117.3,118.58 2 0
github.com/joelanford/library-olm/catalog/fbc/internal/ingest.go:118.58,120.4 1 0
github.com/joelanford/library-olm/catalog/fbc/internal/ingest.go:121.3,121.39 1 0
github.com/joelanford/library-olm/catalog/fbc/internal/ingest.go:123.2,123.89 1 0
github.com/joelanford/library-olm/catalog/fbc/internal/ingest.go:128.81,130.24 2 0
github.com/joelanford/library-olm/catalog/fbc/internal/ingest.go:130.24,131.22 1 0
github.com/joelanford/library-olm/catalog/fbc/internal/ingest.go:131.22,133.4 1 0
github.com/joelanford/library-olm/catalog/fbc/internal/ingest.go:134.3,135.17 2 0
github.com/joelanford/library-olm/catalog/fbc/internal/ingest.go:135.17,137.4 1 0
github.com/joelanford/library-olm/catalog/fbc/internal/ingest.go:138.3,138.28 1 0
github.com/joelanford/library-olm/catalog/fbc/internal/ingest.go:138.28,139.33 1 0
github.com/joelanford/library-olm/catalog/fbc/internal/ingest.go:139.33,142.5 2 0
github.com/joelanford/library-olm/catalog/fbc/internal/ingest.go:144.3,144.37 1 0
github.com/joelanford/library-olm/catalog/fbc/internal/ingest.go:144.37,146.4 1 0
github.com/joelanford/library-olm/catalog/fbc/internal/ingest.go:147.3,148.13 2 0
github.com/joelanford/library-olm/catalog/fbc/internal/ingest.go:151.2,151.23 1 0
github.com/joelanford/library-olm/catalog/fbc/internal/ingest.go:151.23,153.30 2 0
github.com/joelanford/library-olm/catalog/fbc/internal/ingest.go:153.30,154.34 1 0
github.com/joelanford/library-olm/catalog/fbc/internal/ingest.go:154.34,156.5 1 0
github.com/joelanford/library-olm/catalog/fbc/internal/ingest.go:159.2,159.16 1 0
github.com/joelanford/library-olm/catalog/fbc/internal/normalize.go:9.82,11.16 2 0
github.com/joelanford/library-olm/catalog/fbc/internal/normalize.go:11.16,13.3 1 0
github.com/joelanford/library-olm/catalog/fbc/internal/normalize.go:14.2,14.15 1 0
github.com/joelanford/library-olm/catalog/fbc/internal/normalize.go:14.15,14.35 1 0
github.com/joelanford/library-olm/catalog/fbc/internal/normalize.go:16.2,17.18 2 0
github.com/joelanford/library-olm/catalog/fbc/internal/normalize.go:17.18,19.42 2 0
github.com/joelanford/library-olm/catalog/fbc/internal/normalize.go:19.42,21.4 1 0
github.com/joelanford/library-olm/catalog/fbc/internal/normalize.go:22.3,22.36 1 0
github.com/joelanford/library-olm/catalog/fbc/internal/normalize.go:24.2,24.35 1 0
github.com/joelanford/library-olm/catalog/fbc/internal/normalize.go:24.35,26.3 1 0
github.com/joelanford/library-olm/catalog/fbc/internal/normalize.go:28.2,28.35 1 0
github.com/joelanford/library-olm/catalog/fbc/internal/normalize.go:28.35,30.17 2 0
github.com/joelanford/library-olm/catalog/fbc/internal/normalize.go:30.17,32.4 1 0
github.com/joelanford/library-olm/catalog/fbc/internal/normalize.go:34.3,35.17 2 0
github.com/joelanford/library-olm/catalog/fbc/internal/normalize.go:35.17,37.4 1 0
github.com/joelanford/library-olm/catalog/fbc/internal/normalize.go:39.3,39.61 1 0
github.com/joelanford/library-olm/catalog/fbc/internal/normalize.go:39.61,42.4 2 0
github.com/joelanford/library-olm/catalog/fbc/internal/normalize.go:44.3,44.37 1 0
github.com/joelanford/library-olm/catalog/fbc/internal/normalize.go:44.37,46.4 1 0
github.com/joelanford/library-olm/catalog/fbc/internal/normalize.go:48.2,48.12 1 0
github.com/joelanford/library-olm/catalog/fbc/internal/query.go:19.98,20.61 1 0
github.com/joelanford/library-olm/catalog/fbc/internal/query.go:20.61,22.17 2 0
github.com/joelanford/library-olm/catalog/fbc/internal/query.go:22.17,25.4 2 0
github.com/joelanford/library-olm/catalog/fbc/internal/query.go:26.3,26.16 1 0
github.com/joelanford/library-olm/catalog/fbc/internal/query.go:26.16,26.36 1 0
github.com/joelanford/library-olm/catalog/fbc/internal/query.go:27.3,27.19 1 0
github.com/joelanford/library-olm/catalog/fbc/internal/query.go:27.19,30.48 3 0
github.com/joelanford/library-olm/catalog/fbc/internal/query.go:30.48,31.25 1 0
github.com/joelanford/library-olm/catalog/fbc/internal/query.go:31.25,33.6 1 0
github.com/joelanford/library-olm/catalog/fbc/internal/query.go:34.5,34.13 1 0
github.com/joelanford/library-olm/catalog/fbc/internal/query.go:36.4,36.87 1 0
github.com/joelanford/library-olm/catalog/fbc/internal/query.go:36.87,38.5 1 0
github.com/joelanford/library-olm/catalog/fbc/internal/query.go:40.3,40.36 1 0
github.com/joelanford/library-olm/catalog/fbc/internal/query.go:40.36,42.4 1 0
github.com/joelanford/library-olm/catalog/fbc/internal/query.go:46.100,49.26 3 0
github.com/joelanford/library-olm/catalog/fbc/internal/query.go:49.26,51.3 1 0
github.com/joelanford/library-olm/catalog/fbc/internal/query.go:52.2,52.16 1 0
github.com/joelanford/library-olm/catalog/fbc/internal/query.go:52.16,54.3 1 0
github.com/joelanford/library-olm/catalog/fbc/internal/query.go:55.2,55.80 1 0
github.com/joelanford/library-olm/catalog/fbc/internal/query.go:65.51,65.73 1 0
github.com/joelanford/library-olm/catalog/fbc/internal/query.go:67.104,69.2 1 0
github.com/joelanford/library-olm/catalog/fbc/internal/query.go:71.125,73.2 1 0
github.com/joelanford/library-olm/catalog/fbc/internal/query.go:75.109,76.61 1 0
github.com/joelanford/library-olm/catalog/fbc/internal/query.go:76.61,78.17 2 0
github.com/joelanford/library-olm/catalog/fbc/internal/query.go:78.17,81.4 2 0
github.com/joelanford/library-olm/catalog/fbc/internal/query.go:82.3,82.16 1 0
github.com/joelanford/library-olm/catalog/fbc/internal/query.go:82.16,82.36 1 0
github.com/joelanford/library-olm/catalog/fbc/internal/query.go:83.3,83.19 1 0
github.com/joelanford/library-olm/catalog/fbc/internal/query.go:83.19,86.48 3 0
github.com/joelanford/library-olm/catalog/fbc/internal/query.go:86.48,87.25 1 0
github.com/joelanford/library-olm/catalog/fbc/internal/query.go:87.25,89.6 1 0
github.com/joelanford/library-olm/catalog/fbc/internal/query.go:90.5,90.13 1 0
github.com/joelanford/library-olm/catalog/fbc/internal/query.go:92.4,92.78 1 0
github.com/joelanford/library-olm/catalog/fbc/internal/query.go:92.78,94.5 1 0
github.com/joelanford/library-olm/catalog/fbc/internal/query.go:96.3,96.36 1 0
github.com/joelanford/library-olm/catalog/fbc/internal/query.go:96.36,98.4 1 0
github.com/joelanford/library-olm/catalog/fbc/internal/query.go:102.111,105.26 3 0
github.com/joelanford/library-olm/catalog/fbc/internal/query.go:105.26,107.3 1 0
github.com/joelanford/library-olm/catalog/fbc/internal/query.go:108.2,108.16 1 0
github.com/joelanford/library-olm/catalog/fbc/internal/query.go:108.16,110.3 1 0
github.com/joelanford/library-olm/catalog/fbc/internal/query.go:111.2,111.71 1 0
github.com/joelanford/library-olm/catalog/fbc/internal/query.go:121.42,121.64 1 0
github.com/joelanford/library-olm/catalog/fbc/internal/query.go:123.95,125.2 1 0
github.com/joelanford/library-olm/catalog/fbc/internal/query.go:127.116,129.2 1 0
github.com/joelanford/library-olm/catalog/fbc/internal/query.go:131.107,132.55 1 0
github.com/joelanford/library-olm/catalog/fbc/internal/query.go:132.55,139.17 2 0
github.com/joelanford/library-olm/catalog/fbc/internal/query.go:139.17,142.4 2 0
github.com/joelanford/library-olm/catalog/fbc/internal/query.go:143.3,143.16 1 0
github.com/joelanford/library-olm/catalog/fbc/internal/query.go:143.16,143.36 1 0
github.com/joelanford/library-olm/catalog/fbc/internal/query.go:144.3,144.31 1 0
github.com/joelanford/library-olm/catalog/fbc/internal/query.go:148.111,149.55 1 0
github.com/joelanford/library-olm/catalog/fbc/internal/query.go:149.55,161.17 2 0
github.com/joelanford/library-olm/catalog/fbc/internal/query.go:161.17,164.4 2 0
github.com/joelanford/library-olm/catalog/fbc/internal/query.go:165.3,165.16 1 0
github.com/joelanford/library-olm/catalog/fbc/internal/query.go:165.16,165.36 1 0
github.com/joelanford/library-olm/catalog/fbc/internal/query.go:166.3,166.31 1 0
github.com/joelanford/library-olm/catalog/fbc/internal/query.go:170.132,171.55 1 0
github.com/joelanford/library-olm/catalog/fbc/internal/query.go:171.55,178.17 2 0
github.com/joelanford/library-olm/catalog/fbc/internal/query.go:178.17,181.4 2 0
github.com/joelanford/library-olm/catalog/fbc/internal/query.go:182.3,182.16 1 0
github.com/joelanford/library-olm/catalog/fbc/internal/query.go:182.16,182.36 1 0
github.com/joelanford/library-olm/catalog/fbc/internal/query.go:183.3,183.31 1 0
github.com/joelanford/library-olm/catalog/fbc/internal/query.go:187.136,188.55 1 0
github.com/joelanford/library-olm/catalog/fbc/internal/query.go:188.55,200.17 2 0
github.com/joelanford/library-olm/catalog/fbc/internal/query.go:200.17,203.4 2 0
github.com/joelanford/library-olm/catalog/fbc/internal/query.go:204.3,204.16 1 0
github.com/joelanford/library-olm/catalog/fbc/internal/query.go:204.16,204.36 1 0
github.com/joelanford/library-olm/catalog/fbc/internal/query.go:205.3,205.31 1 0
github.com/joelanford/library-olm/catalog/fbc/internal/query.go:209.79,210.18 1 0
github.com/joelanford/library-olm/catalog/fbc/internal/query.go:210.18,212.68 2 0
github.com/joelanford/library-olm/catalog/fbc/internal/query.go:212.68,213.24 1 0
github.com/joelanford/library-olm/catalog/fbc/internal/query.go:213.24,215.5 1 0
github.com/joelanford/library-olm/catalog/fbc/internal/query.go:216.4,216.12 1 0
github.com/joelanford/library-olm/catalog/fbc/internal/query.go:218.3,219.23 2 0
github.com/joelanford/library-olm/catalog/fbc/internal/query.go:219.23,222.18 3 0
github.com/joelanford/library-olm/catalog/fbc/internal/query.go:222.18,223.73 1 0
github.com/joelanford/library-olm/catalog/fbc/internal/query.go:223.73,225.6 1 0
github.com/joelanford/library-olm/catalog/fbc/internal/query.go:226.5,226.13 1 0
github.com/joelanford/library-olm/catalog/fbc/internal/query.go:229.3,231.21 3 0
github.com/joelanford/library-olm/catalog/fbc/internal/query.go:231.21,233.4 1 0
github.com/joelanford/library-olm/catalog/fbc/internal/query.go:235.2,235.35 1 0
github.com/joelanford/library-olm/catalog/fbc/internal/query.go:235.35,237.3 1 0
github.com/joelanford/library-olm/catalog/fbc/catalog.go:30.64,32.16 2 1
github.com/joelanford/library-olm/catalog/fbc/catalog.go:32.16,34.3 1 0
github.com/joelanford/library-olm/catalog/fbc/catalog.go:36.2,36.55 1 1
github.com/joelanford/library-olm/catalog/fbc/catalog.go:36.55,39.3 2 1
github.com/joelanford/library-olm/catalog/fbc/catalog.go:41.2,44.62 3 1
github.com/joelanford/library-olm/catalog/fbc/catalog.go:44.62,47.3 2 1
github.com/joelanford/library-olm/catalog/fbc/catalog.go:49.2,53.8 1 1
github.com/joelanford/library-olm/catalog/fbc/catalog.go:57.33,59.2 1 1
github.com/joelanford/library-olm/catalog/fbc/catalog.go:61.93,63.2 1 1
github.com/joelanford/library-olm/catalog/fbc/catalog.go:65.95,67.2 1 1
